error: Argument to option 'emit' missing
       Usage:
           --emit [asm|llvm-bc|llvm-ir|obj|metadata|link|dep-info|mir]
                               Comma separated list of types of output for the
                               compiler to emit

